
> react-kavia@0.1.0 start
> cross-env EDIT_MODE=true webpack serve --config .ve/webpack.config.js --mode development

<i> [webpack-dev-server] Project is running at:
<i> [webpack-dev-server] Loopback: http://localhost:3000/, http://[::1]:3000/
<i> [webpack-dev-server] On Your Network (IPv4): http://172.17.0.2:3000/
<i> [webpack-dev-server] Content not from webpack is served from './public' directory
Injecting EditorRootWrapper import: ../.ve/EditorRootWrapper
asset bundle.js 1.44 MiB [emitted] (name: main)
asset index.html 1.98 KiB [emitted]
runtime modules 27.5 KiB 14 modules
modules by path ./node_modules/ 1.24 MiB 31 modules
modules by path ./src/ 47.1 KiB
  modules by path ./src/*.css 7.49 KiB 4 modules
  modules by path ./src/*.js 39.6 KiB
    ./src/index.js 530 bytes [built] [code generated]
    ./src/App.js 39.1 KiB [built] [code generated]
modules by path ./.ve/ 15.1 KiB
  modules by path ./.ve/*.js 10.6 KiB 2 modules
  modules by path ./.ve/*.css 2.93 KiB
    ./.ve/EditorOverlay.css 2.25 KiB [built] [code generated]
    ./node_modules/css-loader/dist/cjs.js!./.ve/EditorOverlay.css 697 bytes [built] [code generated]
  ./.ve/EditorOverlay.jsx 1.58 KiB [built] [code generated]
webpack 5.99.9 compiled successfully in 1388 ms
assets by status 1.98 KiB [cached] 1 asset
assets by path *.js 1.49 MiB
  asset bundle.js 1.44 MiB [emitted] (name: main)
  asset main.9788bd453034d70f20a5.hot-update.js 53.3 KiB [emitted] [immutable] [hmr] (name: main)
asset main.9788bd453034d70f20a5.hot-update.json 28 bytes [emitted] [immutable] [hmr]
Entrypoint main 1.49 MiB = bundle.js 1.44 MiB main.9788bd453034d70f20a5.hot-update.js 53.3 KiB
cached modules 1.26 MiB [cached] 41 modules
runtime modules 27.5 KiB 14 modules
./src/App.js 39.7 KiB [built] [code generated]
webpack 5.99.9 compiled successfully in 293 ms
assets by status 1.98 KiB [cached] 1 asset
assets by path *.js 1.49 MiB
  asset bundle.js 1.44 MiB [emitted] (name: main)
  asset main.65b595624e5374dd7b75.hot-update.js 55 KiB [emitted] [immutable] [hmr] (name: main)
asset main.65b595624e5374dd7b75.hot-update.json 28 bytes [emitted] [immutable] [hmr]
Entrypoint main 1.49 MiB = bundle.js 1.44 MiB main.65b595624e5374dd7b75.hot-update.js 55 KiB
cached modules 1.26 MiB [cached] 41 modules
runtime modules 27.5 KiB 14 modules
./src/App.js 41.1 KiB [built] [code generated]
webpack 5.99.9 compiled successfully in 161 ms
assets by status 1.98 KiB [cached] 1 asset
assets by path *.js 1.52 MiB
  asset bundle.js 1.45 MiB [emitted] (name: main)
  asset main.bd575fa585f0df8cfafd.hot-update.js 67.3 KiB [emitted] [immutable] [hmr] (name: main)
asset main.bd575fa585f0df8cfafd.hot-update.json 28 bytes [emitted] [immutable] [hmr]
Entrypoint main 1.52 MiB = bundle.js 1.45 MiB main.bd575fa585f0df8cfafd.hot-update.js 67.3 KiB
cached modules 1.26 MiB [cached] 41 modules
runtime modules 27.5 KiB 14 modules
./src/App.js 51.3 KiB [built] [code generated]
webpack 5.99.9 compiled successfully in 179 ms
assets by status 1.98 KiB [cached] 1 asset
assets by path *.js 1.52 MiB
  asset bundle.js 1.45 MiB [emitted] (name: main)
  asset main.705e69abaaa2b9959001.hot-update.js 69.4 KiB [emitted] [immutable] [hmr] (name: main)
asset main.705e69abaaa2b9959001.hot-update.json 28 bytes [emitted] [immutable] [hmr]
Entrypoint main 1.52 MiB = bundle.js 1.45 MiB main.705e69abaaa2b9959001.hot-update.js 69.4 KiB
cached modules 1.26 MiB [cached] 41 modules
runtime modules 27.5 KiB 14 modules
./src/App.js 53.2 KiB [built] [code generated]
webpack 5.99.9 compiled successfully in 176 ms
assets by status 1.98 KiB [cached] 1 asset
assets by path *.js 1.52 MiB
  asset bundle.js 1.46 MiB [emitted] (name: main)
  asset main.29389ecf2f6c68b658c1.hot-update.js 70 KiB [emitted] [immutable] [hmr] (name: main)
asset main.29389ecf2f6c68b658c1.hot-update.json 28 bytes [emitted] [immutable] [hmr]
Entrypoint main 1.52 MiB = bundle.js 1.46 MiB main.29389ecf2f6c68b658c1.hot-update.js 70 KiB
cached modules 1.26 MiB [cached] 41 modules
runtime modules 27.5 KiB 14 modules
./src/App.js 53.7 KiB [built] [code generated]
webpack 5.99.9 compiled successfully in 309 ms
assets by status 1.98 KiB [cached] 1 asset
assets by path *.js 1.52 MiB
  asset bundle.js 1.46 MiB [emitted] (name: main)
  asset main.669905f989350062411d.hot-update.js 70.1 KiB [emitted] [immutable] [hmr] (name: main)
asset main.669905f989350062411d.hot-update.json 28 bytes [emitted] [immutable] [hmr]
Entrypoint main 1.52 MiB = bundle.js 1.46 MiB main.669905f989350062411d.hot-update.js 70.1 KiB
cached modules 1.26 MiB [cached] 41 modules
runtime modules 27.5 KiB 14 modules
./src/App.js 53.8 KiB [built] [code generated]
webpack 5.99.9 compiled successfully in 191 ms
