
> react-kavia@0.1.0 start
> cross-env EDIT_MODE=true webpack serve --config .ve/webpack.config.js --mode development

<i> [webpack-dev-server] Project is running at:
<i> [webpack-dev-server] Loopback: http://localhost:3000/, http://[::1]:3000/
<i> [webpack-dev-server] On Your Network (IPv4): http://172.17.0.2:3000/
<i> [webpack-dev-server] Content not from webpack is served from './public' directory
Injecting EditorRootWrapper import: ../.ve/EditorRootWrapper
asset bundle.js 1.39 MiB [emitted] (name: main)
asset index.html 1.98 KiB [emitted]
runtime modules 27.5 KiB 14 modules
modules by path ./node_modules/ 1.24 MiB 31 modules
modules by path ./src/ 10.3 KiB
  modules by path ./src/*.css 7.49 KiB 4 modules
  modules by path ./src/*.js 2.76 KiB
    ./src/index.js 530 bytes [built] [code generated]
    ./src/App.js 2.24 KiB [built] [code generated]
modules by path ./.ve/ 15.1 KiB
  modules by path ./.ve/*.js 10.6 KiB 2 modules
  modules by path ./.ve/*.css 2.93 KiB
    ./.ve/EditorOverlay.css 2.25 KiB [built] [code generated]
    ./node_modules/css-loader/dist/cjs.js!./.ve/EditorOverlay.css 697 bytes [built] [code generated]
  ./.ve/EditorOverlay.jsx 1.58 KiB [built] [code generated]
webpack 5.99.9 compiled successfully in 1278 ms
assets by status 1.98 KiB [cached] 1 asset
assets by path *.js 1.51 MiB
  asset bundle.js 1.45 MiB [emitted] (name: main)
  asset main.18e3aa5a1adeaf9cdf2f.hot-update.js 65.3 KiB [emitted] [immutable] [hmr] (name: main)
asset main.18e3aa5a1adeaf9cdf2f.hot-update.json 28 bytes [emitted] [immutable] [hmr]
Entrypoint main 1.51 MiB = bundle.js 1.45 MiB main.18e3aa5a1adeaf9cdf2f.hot-update.js 65.3 KiB
cached modules 1.26 MiB [cached] 40 modules
runtime modules 27.5 KiB 14 modules
javascript modules 47.1 KiB
  ./src/index.js 530 bytes [code generated]
  ./src/App.js 46.6 KiB [built] [code generated]

ERROR in ./src/App.js 2:0-116
Module not found: Error: Can't resolve 'react-router-dom' in '/home/kavia/workspace/code-generation/civicconnect-60122-869782e5/civicconnect_frontend/src'
resolve 'react-router-dom' in '/home/kavia/workspace/code-generation/civicconnect-60122-869782e5/civicconnect_frontend/src'
  Parsed request is a module
  using description file: /home/kavia/workspace/code-generation/civicconnect-60122-869782e5/civicconnect_frontend/package.json (relative path: ./src)
    Field 'browser' doesn't contain a valid alias configuration
    resolve as module
      /home/kavia/workspace/code-generation/civicconnect-60122-869782e5/civicconnect_frontend/src/node_modules doesn't exist or is not a directory
      looking for modules in /home/kavia/workspace/code-generation/civicconnect-60122-869782e5/civicconnect_frontend/node_modules
        single file module
          using description file: /home/kavia/workspace/code-generation/civicconnect-60122-869782e5/civicconnect_frontend/package.json (relative path: ./node_modules/react-router-dom)
            no extension
              Field 'browser' doesn't contain a valid alias configuration
              /home/kavia/workspace/code-generation/civicconnect-60122-869782e5/civicconnect_frontend/node_modules/react-router-dom doesn't exist
            .js
              Field 'browser' doesn't contain a valid alias configuration
              /home/kavia/workspace/code-generation/civicconnect-60122-869782e5/civicconnect_frontend/node_modules/react-router-dom.js doesn't exist
            .jsx
              Field 'browser' doesn't contain a valid alias configuration
              /home/kavia/workspace/code-generation/civicconnect-60122-869782e5/civicconnect_frontend/node_modules/react-router-dom.jsx doesn't exist
        /home/kavia/workspace/code-generation/civicconnect-60122-869782e5/civicconnect_frontend/node_modules/react-router-dom doesn't exist
      /home/kavia/workspace/code-generation/civicconnect-60122-869782e5/node_modules doesn't exist or is not a directory
      /home/kavia/workspace/code-generation/node_modules doesn't exist or is not a directory
      /home/kavia/workspace/node_modules doesn't exist or is not a directory
      /home/kavia/node_modules doesn't exist or is not a directory
      /home/node_modules doesn't exist or is not a directory
      /node_modules doesn't exist or is not a directory
 @ ./src/index.js 5:0-24 11:32-35

webpack 5.99.9 compiled with 1 error in 326 ms
assets by status 1.98 KiB [cached] 1 asset
assets by path *.js 1.46 MiB
  asset bundle.js 1.45 MiB [emitted] (name: main)
  asset main.e9df346e95668cb2ff09.hot-update.js 4.72 KiB [emitted] [immutable] [hmr] (name: main)
asset main.e9df346e95668cb2ff09.hot-update.json 28 bytes [emitted] [immutable] [hmr]
Entrypoint main 1.46 MiB = bundle.js 1.45 MiB main.e9df346e95668cb2ff09.hot-update.js 4.72 KiB
cached modules 1.31 MiB [cached] 41 modules
runtime modules 27.5 KiB 14 modules
./node_modules/css-loader/dist/cjs.js!./src/App.css 2.25 KiB [built] [code generated]

ERROR in ./src/App.js 2:0-116
Module not found: Error: Can't resolve 'react-router-dom' in '/home/kavia/workspace/code-generation/civicconnect-60122-869782e5/civicconnect_frontend/src'
resolve 'react-router-dom' in '/home/kavia/workspace/code-generation/civicconnect-60122-869782e5/civicconnect_frontend/src'
  Parsed request is a module
  using description file: /home/kavia/workspace/code-generation/civicconnect-60122-869782e5/civicconnect_frontend/package.json (relative path: ./src)
    Field 'browser' doesn't contain a valid alias configuration
    resolve as module
      /home/kavia/workspace/code-generation/civicconnect-60122-869782e5/civicconnect_frontend/src/node_modules doesn't exist or is not a directory
      looking for modules in /home/kavia/workspace/code-generation/civicconnect-60122-869782e5/civicconnect_frontend/node_modules
        single file module
          using description file: /home/kavia/workspace/code-generation/civicconnect-60122-869782e5/civicconnect_frontend/package.json (relative path: ./node_modules/react-router-dom)
            no extension
              Field 'browser' doesn't contain a valid alias configuration
              /home/kavia/workspace/code-generation/civicconnect-60122-869782e5/civicconnect_frontend/node_modules/react-router-dom doesn't exist
            .js
              Field 'browser' doesn't contain a valid alias configuration
              /home/kavia/workspace/code-generation/civicconnect-60122-869782e5/civicconnect_frontend/node_modules/react-router-dom.js doesn't exist
            .jsx
              Field 'browser' doesn't contain a valid alias configuration
              /home/kavia/workspace/code-generation/civicconnect-60122-869782e5/civicconnect_frontend/node_modules/react-router-dom.jsx doesn't exist
        /home/kavia/workspace/code-generation/civicconnect-60122-869782e5/civicconnect_frontend/node_modules/react-router-dom doesn't exist
      /home/kavia/workspace/code-generation/civicconnect-60122-869782e5/node_modules doesn't exist or is not a directory
      /home/kavia/workspace/code-generation/node_modules doesn't exist or is not a directory
      /home/kavia/workspace/node_modules doesn't exist or is not a directory
      /home/kavia/node_modules doesn't exist or is not a directory
      /home/node_modules doesn't exist or is not a directory
      /node_modules doesn't exist or is not a directory
 @ ./src/index.js 5:0-24 11:32-35

webpack 5.99.9 compiled with 1 error in 45 ms
assets by status 1.98 KiB [cached] 1 asset
assets by path *.js 1.46 MiB
  asset bundle.js 1.45 MiB [emitted] (name: main)
  asset main.dd8fa2455a3303aa0b8d.hot-update.js 5.68 KiB [emitted] [immutable] [hmr] (name: main)
asset main.dd8fa2455a3303aa0b8d.hot-update.json 28 bytes [emitted] [immutable] [hmr]
Entrypoint main 1.46 MiB = bundle.js 1.45 MiB main.dd8fa2455a3303aa0b8d.hot-update.js 5.68 KiB
cached modules 1.31 MiB [cached] 41 modules
runtime modules 27.5 KiB 14 modules
./node_modules/css-loader/dist/cjs.js!./src/App.css 3.16 KiB [built] [code generated]

ERROR in ./src/App.js 2:0-116
Module not found: Error: Can't resolve 'react-router-dom' in '/home/kavia/workspace/code-generation/civicconnect-60122-869782e5/civicconnect_frontend/src'
resolve 'react-router-dom' in '/home/kavia/workspace/code-generation/civicconnect-60122-869782e5/civicconnect_frontend/src'
  Parsed request is a module
  using description file: /home/kavia/workspace/code-generation/civicconnect-60122-869782e5/civicconnect_frontend/package.json (relative path: ./src)
    Field 'browser' doesn't contain a valid alias configuration
    resolve as module
      /home/kavia/workspace/code-generation/civicconnect-60122-869782e5/civicconnect_frontend/src/node_modules doesn't exist or is not a directory
      looking for modules in /home/kavia/workspace/code-generation/civicconnect-60122-869782e5/civicconnect_frontend/node_modules
        single file module
          using description file: /home/kavia/workspace/code-generation/civicconnect-60122-869782e5/civicconnect_frontend/package.json (relative path: ./node_modules/react-router-dom)
            no extension
              Field 'browser' doesn't contain a valid alias configuration
              /home/kavia/workspace/code-generation/civicconnect-60122-869782e5/civicconnect_frontend/node_modules/react-router-dom doesn't exist
            .js
              Field 'browser' doesn't contain a valid alias configuration
              /home/kavia/workspace/code-generation/civicconnect-60122-869782e5/civicconnect_frontend/node_modules/react-router-dom.js doesn't exist
            .jsx
              Field 'browser' doesn't contain a valid alias configuration
              /home/kavia/workspace/code-generation/civicconnect-60122-869782e5/civicconnect_frontend/node_modules/react-router-dom.jsx doesn't exist
        /home/kavia/workspace/code-generation/civicconnect-60122-869782e5/civicconnect_frontend/node_modules/react-router-dom doesn't exist
      /home/kavia/workspace/code-generation/civicconnect-60122-869782e5/node_modules doesn't exist or is not a directory
      /home/kavia/workspace/code-generation/node_modules doesn't exist or is not a directory
      /home/kavia/workspace/node_modules doesn't exist or is not a directory
      /home/kavia/node_modules doesn't exist or is not a directory
      /home/node_modules doesn't exist or is not a directory
      /node_modules doesn't exist or is not a directory
 @ ./src/index.js 5:0-24 11:32-35

webpack 5.99.9 compiled with 1 error in 36 ms
assets by status 1.45 MiB [cached] 2 assets
cached modules 1.31 MiB (javascript) 27.5 KiB (runtime) [cached] 56 modules

LOG from webpack.FileSystemInfo
<w> Managed item /home/kavia/workspace/code-generation/civicconnect-60122-869782e5/civicconnect_frontend/node_modules/react-router-dom isn't a directory or doesn't contain a package.json (see snapshot.managedPaths option)
+ 13 hidden lines

ERROR in ./src/App.js 2:0-116
Module not found: Error: Can't resolve 'react-router-dom' in '/home/kavia/workspace/code-generation/civicconnect-60122-869782e5/civicconnect_frontend/src'
resolve 'react-router-dom' in '/home/kavia/workspace/code-generation/civicconnect-60122-869782e5/civicconnect_frontend/src'
  Parsed request is a module
  using description file: /home/kavia/workspace/code-generation/civicconnect-60122-869782e5/civicconnect_frontend/package.json (relative path: ./src)
    Field 'browser' doesn't contain a valid alias configuration
    resolve as module
      /home/kavia/workspace/code-generation/civicconnect-60122-869782e5/civicconnect_frontend/src/node_modules doesn't exist or is not a directory
      looking for modules in /home/kavia/workspace/code-generation/civicconnect-60122-869782e5/civicconnect_frontend/node_modules
        single file module
          using description file: /home/kavia/workspace/code-generation/civicconnect-60122-869782e5/civicconnect_frontend/package.json (relative path: ./node_modules/react-router-dom)
            no extension
              Field 'browser' doesn't contain a valid alias configuration
              /home/kavia/workspace/code-generation/civicconnect-60122-869782e5/civicconnect_frontend/node_modules/react-router-dom is not a file
            .js
              Field 'browser' doesn't contain a valid alias configuration
              /home/kavia/workspace/code-generation/civicconnect-60122-869782e5/civicconnect_frontend/node_modules/react-router-dom.js doesn't exist
            .jsx
              Field 'browser' doesn't contain a valid alias configuration
              /home/kavia/workspace/code-generation/civicconnect-60122-869782e5/civicconnect_frontend/node_modules/react-router-dom.jsx doesn't exist
        existing directory /home/kavia/workspace/code-generation/civicconnect-60122-869782e5/civicconnect_frontend/node_modules/react-router-dom
          using description file: /home/kavia/workspace/code-generation/civicconnect-60122-869782e5/civicconnect_frontend/package.json (relative path: ./node_modules/react-router-dom)
            using description file: /home/kavia/workspace/code-generation/civicconnect-60122-869782e5/civicconnect_frontend/package.json (relative path: ./node_modules/react-router-dom)
              no extension
                Field 'browser' doesn't contain a valid alias configuration
                /home/kavia/workspace/code-generation/civicconnect-60122-869782e5/civicconnect_frontend/node_modules/react-router-dom is not a file
              .js
                Field 'browser' doesn't contain a valid alias configuration
                /home/kavia/workspace/code-generation/civicconnect-60122-869782e5/civicconnect_frontend/node_modules/react-router-dom.js doesn't exist
              .jsx
                Field 'browser' doesn't contain a valid alias configuration
                /home/kavia/workspace/code-generation/civicconnect-60122-869782e5/civicconnect_frontend/node_modules/react-router-dom.jsx doesn't exist
              as directory
                existing directory /home/kavia/workspace/code-generation/civicconnect-60122-869782e5/civicconnect_frontend/node_modules/react-router-dom
                  using description file: /home/kavia/workspace/code-generation/civicconnect-60122-869782e5/civicconnect_frontend/package.json (relative path: ./node_modules/react-router-dom)
                    using path: /home/kavia/workspace/code-generation/civicconnect-60122-869782e5/civicconnect_frontend/node_modules/react-router-dom/index
                      using description file: /home/kavia/workspace/code-generation/civicconnect-60122-869782e5/civicconnect_frontend/package.json (relative path: ./node_modules/react-router-dom/index)
                        no extension
                          Field 'browser' doesn't contain a valid alias configuration
                          /home/kavia/workspace/code-generation/civicconnect-60122-869782e5/civicconnect_frontend/node_modules/react-router-dom/index doesn't exist
                        .js
                          Field 'browser' doesn't contain a valid alias configuration
                          /home/kavia/workspace/code-generation/civicconnect-60122-869782e5/civicconnect_frontend/node_modules/react-router-dom/index.js doesn't exist
                        .jsx
                          Field 'browser' doesn't contain a valid alias configuration
                          /home/kavia/workspace/code-generation/civicconnect-60122-869782e5/civicconnect_frontend/node_modules/react-router-dom/index.jsx doesn't exist
      /home/kavia/workspace/code-generation/civicconnect-60122-869782e5/node_modules doesn't exist or is not a directory
      /home/kavia/workspace/code-generation/node_modules doesn't exist or is not a directory
      /home/kavia/workspace/node_modules doesn't exist or is not a directory
      /home/kavia/node_modules doesn't exist or is not a directory
      /home/node_modules doesn't exist or is not a directory
      /node_modules doesn't exist or is not a directory
 @ ./src/index.js 5:0-24 11:32-35

webpack 5.99.9 compiled with 1 error in 26 ms
assets by status 1.98 KiB [cached] 1 asset
assets by path *.js 2.18 MiB
  asset bundle.js 1.78 MiB [emitted] (name: main)
  asset main.4d3becbc61df7c7a55e8.hot-update.js 406 KiB [emitted] [immutable] [hmr] (name: main)
asset main.4d3becbc61df7c7a55e8.hot-update.json 28 bytes [emitted] [immutable] [hmr]
Entrypoint main 2.18 MiB = bundle.js 1.78 MiB main.4d3becbc61df7c7a55e8.hot-update.js 406 KiB
cached modules 1.26 MiB [cached] 41 modules
runtime modules 28.7 KiB 15 modules
javascript modules 354 KiB
  ./src/App.js 46.6 KiB [code generated]
  ./node_modules/react-router-dom/dist/index.js 55.4 KiB [built] [code generated]
  ./node_modules/react-router/dist/index.js 59.3 KiB [built] [code generated]
  ./node_modules/@remix-run/router/dist/router.js 193 KiB [built] [code generated]
webpack 5.99.9 compiled successfully in 177 ms
Injecting EditorRootWrapper import: ../.ve/EditorRootWrapper
assets by path *.js 1.79 MiB
  asset bundle.js 1.78 MiB [emitted] (name: main)
  asset main.b1d94791c566592ce63b.hot-update.js 854 bytes [emitted] [immutable] [hmr] (name: main)
asset index.html 1.98 KiB [emitted]
asset main.b1d94791c566592ce63b.hot-update.json 28 bytes [emitted] [immutable] [hmr]
Entrypoint main 1.79 MiB = bundle.js 1.78 MiB main.b1d94791c566592ce63b.hot-update.js 854 bytes
cached modules 1.55 MiB [cached] 40 modules
runtime modules 28.7 KiB 15 modules
javascript modules 59.3 KiB
  modules by path ./.ve/ 12.2 KiB
    ./.ve/EditorRootWrapper.js 2.68 KiB [built]
    ./.ve/EditorOverlay.jsx 1.58 KiB [built]
    ./.ve/SidePanel.js 7.93 KiB [built]
  modules by path ./src/*.js 47.1 KiB
    ./src/index.js 530 bytes [built]
    ./src/App.js 46.6 KiB [built]
webpack 5.99.9 compiled successfully in 234 ms
